{
    "id": 1,
    "conversation_id": 1,
    "user_id": 2,
    "body": "Nesciunt similique fuga voluptas quia quae maiores. Vitae id impedit quisquam eum eius voluptate est et.",
    "align": "leading",
    "created_at": "2020-12-16T10:40:42.000000Z",
    "updated_at": "2020-12-16T10:40:42.000000Z",
    "current_user_read_message": "2020-12-16T10:40:42.000000Z",
    "user": {
        "id": 2,
        "created_at": "2020-12-16T10:40:42.000000Z",
        "updated_at": "2020-12-16T10:40:42.000000Z"
    },
    "conversation": {
        "id": 1,
        "name": "Harry Bergstrom",
        "created_at": "2020-12-16T10:40:42.000000Z",
        "updated_at": "2020-12-16T10:40:42.000000Z"
    }
}
