{
    "id": 1,
    "conversation_id": 1,
    "body": "Sed qui laboriosam aut dolores. Non temporibus odit quasi deserunt. Fugiat ut suscipit pariatur et eius vel. Ut et perferendis voluptas quo. Quisquam voluptas et voluptatem dolorem amet vero.",
    "created_at": "2020-12-08T14:30:44.000000Z",
    "updated_at": "2020-12-08T14:30:44.000000Z",
    "current_user_read_message": "2020-12-08T14:30:44.000000Z",
    "user": {
        "id": 2,
        "created_at": "2020-12-08T14:30:44.000000Z",
        "updated_at": "2020-12-08T14:30:44.000000Z"
    }
}
