{
    "id": 1,
    "conversation_id": 1,
    "user_id": 2,
    "body": "Eos corrupti molestias dolor voluptatem occaecati. Et mollitia tenetur est voluptatum.",
    "align": "leading",
    "created_at": "2020-12-16T10:40:42.000000Z",
    "updated_at": "2020-12-16T10:40:42.000000Z",
    "current_user_read_message": null,
    "user": {
        "id": 2,
        "created_at": "2020-12-16T10:40:42.000000Z",
        "updated_at": "2020-12-16T10:40:42.000000Z"
    },
    "conversation": {
        "id": 1,
        "name": "Prof. Eladio Hermiston",
        "created_at": "2020-12-16T10:40:42.000000Z",
        "updated_at": "2020-12-16T10:40:42.000000Z"
    }
}
