{
    "current_page": 1,
    "data": [
        {
            "id": 1,
            "name": "Eunice Nitzsche IV",
            "created_at": "2020-12-17T11:26:47.000000Z",
            "updated_at": "2020-12-17T11:26:47.000000Z",
            "users": [
                {
                    "id": 2,
                    "created_at": "2020-12-17T11:26:47.000000Z",
                    "updated_at": "2020-12-17T11:26:47.000000Z",
                    "pivot": {
                        "conversation_id": 1,
                        "user_id": 2
                    }
                },
                {
                    "id": 3,
                    "created_at": "2020-12-17T11:26:47.000000Z",
                    "updated_at": "2020-12-17T11:26:47.000000Z",
                    "pivot": {
                        "conversation_id": 1,
                        "user_id": 3
                    }
                }
            ],
            "messages": [
                {
                    "id": 1,
                    "conversation_id": 1,
                    "user_id": 4,
                    "body": "Non voluptatibus distinctio quos. Esse ipsam ipsum quis omnis inventore. Fugit natus aut architecto autem.",
                    "align": "leading",
                    "created_at": "2020-12-17T11:26:47.000000Z",
                    "updated_at": "2020-12-17T11:26:47.000000Z",
                    "current_user_read_message": null
                },
                {
                    "id": 2,
                    "conversation_id": 1,
                    "user_id": 5,
                    "body": "Non sapiente ducimus est vel. Odit quaerat est officia.",
                    "align": "leading",
                    "created_at": "2020-12-17T11:26:47.000000Z",
                    "updated_at": "2020-12-17T11:26:47.000000Z",
                    "current_user_read_message": null
                }
            ]
        },
        {
            "id": 2,
            "name": "Veda Hammes",
            "created_at": "2020-12-17T11:26:47.000000Z",
            "updated_at": "2020-12-17T11:26:47.000000Z",
            "users": [
                {
                    "id": 6,
                    "created_at": "2020-12-17T11:26:47.000000Z",
                    "updated_at": "2020-12-17T11:26:47.000000Z",
                    "pivot": {
                        "conversation_id": 2,
                        "user_id": 6
                    }
                },
                {
                    "id": 7,
                    "created_at": "2020-12-17T11:26:47.000000Z",
                    "updated_at": "2020-12-17T11:26:47.000000Z",
                    "pivot": {
                        "conversation_id": 2,
                        "user_id": 7
                    }
                }
            ],
            "messages": [
                {
                    "id": 3,
                    "conversation_id": 2,
                    "user_id": 8,
                    "body": "Ipsum fugit delectus possimus quam maxime aut aut. Et esse ipsum beatae. Consectetur reprehenderit rem inventore consectetur.",
                    "align": "leading",
                    "created_at": "2020-12-17T11:26:47.000000Z",
                    "updated_at": "2020-12-17T11:26:47.000000Z",
                    "current_user_read_message": null
                }
            ]
        },
        {
            "id": 3,
            "name": "Luciano Ziemann",
            "created_at": "2020-12-17T11:26:47.000000Z",
            "updated_at": "2020-12-17T11:26:47.000000Z",
            "users": [
                {
                    "id": 10,
                    "created_at": "2020-12-17T11:26:47.000000Z",
                    "updated_at": "2020-12-17T11:26:47.000000Z",
                    "pivot": {
                        "conversation_id": 3,
                        "user_id": 10
                    }
                },
                {
                    "id": 11,
                    "created_at": "2020-12-17T11:26:47.000000Z",
                    "updated_at": "2020-12-17T11:26:47.000000Z",
                    "pivot": {
                        "conversation_id": 3,
                        "user_id": 11
                    }
                }
            ],
            "messages": []
        }
    ],
    "first_page_url": "http:\/\/localhost\/conversations?page=1",
    "from": 1,
    "last_page": 1,
    "last_page_url": "http:\/\/localhost\/conversations?page=1",
    "links": [
        {
            "url": null,
            "label": "&laquo; Previous",
            "active": false
        },
        {
            "url": "http:\/\/localhost\/conversations?page=1",
            "label": "1",
            "active": true
        },
        {
            "url": null,
            "label": "Next &raquo;",
            "active": false
        }
    ],
    "next_page_url": null,
    "path": "http:\/\/localhost\/conversations",
    "per_page": 15,
    "prev_page_url": null,
    "to": 3,
    "total": 3
}
