{
    "current_page": 1,
    "data": [
        {
            "id": 1,
            "name": "Dr. Abagail Cole V",
            "created_at": "2020-12-07T06:58:34.000000Z",
            "updated_at": "2020-12-07T06:58:34.000000Z",
            "users": [
                {
                    "id": 2,
                    "created_at": "2020-12-07T06:58:34.000000Z",
                    "updated_at": "2020-12-07T06:58:34.000000Z",
                    "pivot": {
                        "conversation_id": 1,
                        "user_id": 2
                    }
                },
                {
                    "id": 3,
                    "created_at": "2020-12-07T06:58:34.000000Z",
                    "updated_at": "2020-12-07T06:58:34.000000Z",
                    "pivot": {
                        "conversation_id": 1,
                        "user_id": 3
                    }
                }
            ],
            "messages": [
                {
                    "id": 1,
                    "conversation_id": 1,
                    "body": "Aut sit porro sed. Inventore est veniam adipisci. Voluptates mollitia quia doloremque sed.",
                    "created_at": "2020-12-07T06:58:34.000000Z",
                    "updated_at": "2020-12-07T06:58:34.000000Z",
                    "current_user_read_message": null,
                    "user": {
                        "id": 4,
                        "created_at": "2020-12-07T06:58:34.000000Z",
                        "updated_at": "2020-12-07T06:58:34.000000Z"
                    }
                },
                {
                    "id": 2,
                    "conversation_id": 1,
                    "body": "Sunt adipisci et vel quia voluptatibus ratione praesentium. Earum esse voluptatem sed nobis in quisquam dolorem eaque. Natus voluptate ab enim quis. Pariatur asperiores ullam est provident.",
                    "created_at": "2020-12-07T06:58:34.000000Z",
                    "updated_at": "2020-12-07T06:58:34.000000Z",
                    "current_user_read_message": null,
                    "user": {
                        "id": 5,
                        "created_at": "2020-12-07T06:58:34.000000Z",
                        "updated_at": "2020-12-07T06:58:34.000000Z"
                    }
                }
            ]
        },
        {
            "id": 2,
            "name": "Mr. Wiley Mosciski",
            "created_at": "2020-12-07T06:58:34.000000Z",
            "updated_at": "2020-12-07T06:58:34.000000Z",
            "users": [
                {
                    "id": 6,
                    "created_at": "2020-12-07T06:58:34.000000Z",
                    "updated_at": "2020-12-07T06:58:34.000000Z",
                    "pivot": {
                        "conversation_id": 2,
                        "user_id": 6
                    }
                },
                {
                    "id": 7,
                    "created_at": "2020-12-07T06:58:34.000000Z",
                    "updated_at": "2020-12-07T06:58:34.000000Z",
                    "pivot": {
                        "conversation_id": 2,
                        "user_id": 7
                    }
                }
            ],
            "messages": [
                {
                    "id": 3,
                    "conversation_id": 2,
                    "body": "Est eos omnis magni id exercitationem rem perspiciatis. Fugiat corrupti deleniti non ut. Ducimus placeat beatae commodi numquam expedita velit.",
                    "created_at": "2020-12-07T06:58:34.000000Z",
                    "updated_at": "2020-12-07T06:58:34.000000Z",
                    "current_user_read_message": null,
                    "user": {
                        "id": 8,
                        "created_at": "2020-12-07T06:58:34.000000Z",
                        "updated_at": "2020-12-07T06:58:34.000000Z"
                    }
                }
            ]
        },
        {
            "id": 3,
            "name": "Dr. Orpha Kuhlman",
            "created_at": "2020-12-07T06:58:34.000000Z",
            "updated_at": "2020-12-07T06:58:34.000000Z",
            "users": [
                {
                    "id": 10,
                    "created_at": "2020-12-07T06:58:34.000000Z",
                    "updated_at": "2020-12-07T06:58:34.000000Z",
                    "pivot": {
                        "conversation_id": 3,
                        "user_id": 10
                    }
                },
                {
                    "id": 11,
                    "created_at": "2020-12-07T06:58:34.000000Z",
                    "updated_at": "2020-12-07T06:58:34.000000Z",
                    "pivot": {
                        "conversation_id": 3,
                        "user_id": 11
                    }
                }
            ],
            "messages": []
        }
    ],
    "first_page_url": "http:\/\/localhost\/conversations?page=1",
    "from": 1,
    "last_page": 1,
    "last_page_url": "http:\/\/localhost\/conversations?page=1",
    "links": [
        {
            "url": null,
            "label": "&laquo; Previous",
            "active": false
        },
        {
            "url": "http:\/\/localhost\/conversations?page=1",
            "label": 1,
            "active": true
        },
        {
            "url": null,
            "label": "Next &raquo;",
            "active": false
        }
    ],
    "next_page_url": null,
    "path": "http:\/\/localhost\/conversations",
    "per_page": 15,
    "prev_page_url": null,
    "to": 3,
    "total": 3
}
