{
    "id": 1,
    "name": "Randall Cummings Jr.",
    "created_at": "2020-12-16T11:09:22.000000Z",
    "updated_at": "2020-12-16T11:09:22.000000Z",
    "users": [
        {
            "id": 2,
            "created_at": "2020-12-16T11:09:22.000000Z",
            "updated_at": "2020-12-16T11:09:22.000000Z",
            "pivot": {
                "conversation_id": 1,
                "user_id": 2
            }
        },
        {
            "id": 1,
            "created_at": "2020-12-16T11:09:22.000000Z",
            "updated_at": "2020-12-16T11:09:22.000000Z",
            "pivot": {
                "conversation_id": 1,
                "user_id": 1
            }
        }
    ],
    "messages": [
        {
            "id": 1,
            "conversation_id": 1,
            "body": "Sequi facere qui non nam incidunt et. Vitae quam eius magni repudiandae et. Animi et et et sunt nesciunt enim eligendi.",
            "created_at": "2020-12-16T11:09:22.000000Z",
            "updated_at": "2020-12-16T11:09:22.000000Z",
            "current_user_read_message": null
        },
        {
            "id": 2,
            "conversation_id": 1,
            "body": "Iure facilis delectus tempore iste. Natus officiis soluta iure. Numquam porro saepe quia sed adipisci optio eos.",
            "created_at": "2020-12-16T11:09:22.000000Z",
            "updated_at": "2020-12-16T11:09:22.000000Z",
            "current_user_read_message": null
        }
    ]
}
