{
    "id": 1,
    "name": "Dr. Judd Kerluke V",
    "created_at": "2020-12-17T11:26:49.000000Z",
    "updated_at": "2020-12-17T11:26:49.000000Z",
    "users": [
        {
            "id": 2,
            "created_at": "2020-12-17T11:26:49.000000Z",
            "updated_at": "2020-12-17T11:26:49.000000Z",
            "pivot": {
                "conversation_id": 1,
                "user_id": 2
            }
        },
        {
            "id": 1,
            "created_at": "2020-12-17T11:26:49.000000Z",
            "updated_at": "2020-12-17T11:26:49.000000Z",
            "pivot": {
                "conversation_id": 1,
                "user_id": 1
            }
        }
    ],
    "messages": [
        {
            "id": 1,
            "conversation_id": 1,
            "user_id": 3,
            "body": "Nam placeat sunt temporibus consequatur recusandae sed id. Et ad in quia ea exercitationem. Saepe deserunt dolorem praesentium quia illum temporibus.",
            "align": "leading",
            "created_at": "2020-12-17T11:26:49.000000Z",
            "updated_at": "2020-12-17T11:26:49.000000Z",
            "current_user_read_message": null
        },
        {
            "id": 2,
            "conversation_id": 1,
            "user_id": 4,
            "body": "Iure rerum maxime minus sit facere dolorum est iste. Quia nihil aliquid dolor aliquam officia. Voluptatem itaque modi earum molestias.",
            "align": "leading",
            "created_at": "2020-12-17T11:26:49.000000Z",
            "updated_at": "2020-12-17T11:26:49.000000Z",
            "current_user_read_message": null
        }
    ]
}
