{
    "current_page": 1,
    "data": [
        {
            "id": 1,
            "created_at": "2020-12-16T11:03:25.000000Z",
            "updated_at": "2020-12-16T11:03:25.000000Z"
        },
        {
            "id": 2,
            "created_at": "2020-12-16T11:03:25.000000Z",
            "updated_at": "2020-12-16T11:03:25.000000Z"
        },
        {
            "id": 3,
            "created_at": "2020-12-16T11:03:25.000000Z",
            "updated_at": "2020-12-16T11:03:25.000000Z"
        }
    ],
    "first_page_url": "http:\/\/localhost\/conversations\/1\/users?page=1",
    "from": 1,
    "last_page": 1,
    "last_page_url": "http:\/\/localhost\/conversations\/1\/users?page=1",
    "links": [
        {
            "url": null,
            "label": "&laquo; Previous",
            "active": false
        },
        {
            "url": "http:\/\/localhost\/conversations\/1\/users?page=1",
            "label": "1",
            "active": true
        },
        {
            "url": null,
            "label": "Next &raquo;",
            "active": false
        }
    ],
    "next_page_url": null,
    "path": "http:\/\/localhost\/conversations\/1\/users",
    "per_page": 15,
    "prev_page_url": null,
    "to": 3,
    "total": 3
}
