{
    "current_page": 1,
    "data": [
        {
            "id": 2,
            "conversation_id": 1,
            "user_id": 3,
            "body": "Sed occaecati vitae voluptatum est voluptatum harum inventore. Tempora quo at aut aut cumque. Porro officia tempore autem vel sit eveniet cumque.",
            "align": "leading",
            "created_at": "2020-12-24T11:26:47.000000Z",
            "updated_at": "2020-12-17T11:26:47.000000Z",
            "current_user_read_message": null
        }
    ],
    "first_page_url": "http:\/\/localhost\/conversations\/1\/messages?filter%5Bcreated_after%5D=2020-12-17%2011%3A26%3A47&page=1",
    "from": 1,
    "last_page": 1,
    "last_page_url": "http:\/\/localhost\/conversations\/1\/messages?filter%5Bcreated_after%5D=2020-12-17%2011%3A26%3A47&page=1",
    "links": [
        {
            "url": null,
            "label": "&laquo; Previous",
            "active": false
        },
        {
            "url": "http:\/\/localhost\/conversations\/1\/messages?filter%5Bcreated_after%5D=2020-12-17%2011%3A26%3A47&page=1",
            "label": 1,
            "active": true
        },
        {
            "url": null,
            "label": "Next &raquo;",
            "active": false
        }
    ],
    "next_page_url": null,
    "path": "http:\/\/localhost\/conversations\/1\/messages",
    "per_page": 15,
    "prev_page_url": null,
    "to": 1,
    "total": 1
}
