{
    "current_page": 1,
    "data": [
        {
            "id": 2,
            "conversation_id": 1,
            "user_id": 3,
            "body": "Sunt quam ut officia necessitatibus iste tenetur dolores. Placeat est minima omnis numquam. Dolorem vel asperiores cumque nulla quia occaecati excepturi vel. Qui sit doloribus quae.",
            "align": "leading",
            "created_at": "2021-01-12T11:35:21.000000Z",
            "updated_at": "2021-01-19T11:35:21.000000Z",
            "current_user_read_message": null,
            "user": {
                "id": 3,
                "created_at": "2021-01-12T11:35:21.000000Z",
                "updated_at": "2021-01-12T11:35:21.000000Z"
            },
            "media": []
        }
    ],
    "first_page_url": "http:\/\/localhost\/conversations\/1\/messages?filter%5Bupdated_after%5D=2021-01-12%2011%3A35%3A21&page=1",
    "from": 1,
    "last_page": 1,
    "last_page_url": "http:\/\/localhost\/conversations\/1\/messages?filter%5Bupdated_after%5D=2021-01-12%2011%3A35%3A21&page=1",
    "links": [
        {
            "url": null,
            "label": "&laquo; Previous",
            "active": false
        },
        {
            "url": "http:\/\/localhost\/conversations\/1\/messages?filter%5Bupdated_after%5D=2021-01-12%2011%3A35%3A21&page=1",
            "label": "1",
            "active": true
        },
        {
            "url": null,
            "label": "Next &raquo;",
            "active": false
        }
    ],
    "next_page_url": null,
    "path": "http:\/\/localhost\/conversations\/1\/messages",
    "per_page": 15,
    "prev_page_url": null,
    "to": 1,
    "total": 1
}
