{
    "current_page": 1,
    "data": [
        {
            "id": 1,
            "conversation_id": 1,
            "user_id": 1,
            "body": "Voluptatem atque laborum expedita deserunt. Explicabo fugit placeat odio quae. Ex nemo sequi est omnis sed nam labore. Laboriosam facere repudiandae animi esse sit quae molestiae.",
            "align": "trailing",
            "created_at": "2020-12-16T10:40:41.000000Z",
            "updated_at": "2020-12-16T10:40:41.000000Z",
            "current_user_read_message": null,
            "user": {
                "id": 1,
                "created_at": "2020-12-16T10:40:41.000000Z",
                "updated_at": "2020-12-16T10:40:41.000000Z"
            }
        },
        {
            "id": 2,
            "conversation_id": 1,
            "user_id": 1,
            "body": "Temporibus est dolor placeat nihil ut quod. Qui cum commodi saepe ea recusandae. Vitae rem cupiditate corporis voluptate quibusdam temporibus sed.",
            "align": "trailing",
            "created_at": "2020-12-16T10:40:41.000000Z",
            "updated_at": "2020-12-16T10:40:41.000000Z",
            "current_user_read_message": null,
            "user": {
                "id": 1,
                "created_at": "2020-12-16T10:40:41.000000Z",
                "updated_at": "2020-12-16T10:40:41.000000Z"
            }
        },
        {
            "id": 3,
            "conversation_id": 1,
            "user_id": 1,
            "body": "Consectetur sunt consequatur consectetur natus ipsa saepe unde. Neque earum sapiente et reiciendis sed.",
            "align": "trailing",
            "created_at": "2020-12-16T10:40:41.000000Z",
            "updated_at": "2020-12-16T10:40:41.000000Z",
            "current_user_read_message": null,
            "user": {
                "id": 1,
                "created_at": "2020-12-16T10:40:41.000000Z",
                "updated_at": "2020-12-16T10:40:41.000000Z"
            }
        },
        {
            "id": 4,
            "conversation_id": 1,
            "user_id": 1,
            "body": "Ut temporibus id earum iure accusantium aut ipsum. Laborum voluptatem dolore voluptas unde. Dolores ut eum aut dolor.",
            "align": "trailing",
            "created_at": "2020-12-16T10:40:41.000000Z",
            "updated_at": "2020-12-16T10:40:41.000000Z",
            "current_user_read_message": null,
            "user": {
                "id": 1,
                "created_at": "2020-12-16T10:40:41.000000Z",
                "updated_at": "2020-12-16T10:40:41.000000Z"
            }
        },
        {
            "id": 5,
            "conversation_id": 1,
            "user_id": 1,
            "body": "Officiis ipsum vel quas illo. Voluptatem voluptatem est veniam quasi. Est non mollitia ea voluptatem omnis voluptas quis. Atque et maxime qui voluptatem.",
            "align": "trailing",
            "created_at": "2020-12-16T10:40:41.000000Z",
            "updated_at": "2020-12-16T10:40:41.000000Z",
            "current_user_read_message": null,
            "user": {
                "id": 1,
                "created_at": "2020-12-16T10:40:41.000000Z",
                "updated_at": "2020-12-16T10:40:41.000000Z"
            }
        },
        {
            "id": 6,
            "conversation_id": 1,
            "user_id": 1,
            "body": "Distinctio maiores dolores non veritatis et necessitatibus ipsum. Iusto et optio omnis facere hic et. Non perspiciatis dicta necessitatibus magnam.",
            "align": "trailing",
            "created_at": "2020-12-16T10:40:41.000000Z",
            "updated_at": "2020-12-16T10:40:41.000000Z",
            "current_user_read_message": null,
            "user": {
                "id": 1,
                "created_at": "2020-12-16T10:40:41.000000Z",
                "updated_at": "2020-12-16T10:40:41.000000Z"
            }
        },
        {
            "id": 7,
            "conversation_id": 1,
            "user_id": 1,
            "body": "Doloremque ut reiciendis labore exercitationem consequatur. Ut rerum beatae maiores voluptates in commodi. Sint ut ipsa perferendis harum. Aliquam sequi distinctio quaerat dignissimos omnis et.",
            "align": "trailing",
            "created_at": "2020-12-16T10:40:41.000000Z",
            "updated_at": "2020-12-16T10:40:41.000000Z",
            "current_user_read_message": null,
            "user": {
                "id": 1,
                "created_at": "2020-12-16T10:40:41.000000Z",
                "updated_at": "2020-12-16T10:40:41.000000Z"
            }
        },
        {
            "id": 8,
            "conversation_id": 1,
            "user_id": 1,
            "body": "Explicabo excepturi et rerum. Cum nesciunt corporis ea rerum ex. Maxime fugit natus consectetur magni.",
            "align": "trailing",
            "created_at": "2020-12-16T10:40:41.000000Z",
            "updated_at": "2020-12-16T10:40:41.000000Z",
            "current_user_read_message": null,
            "user": {
                "id": 1,
                "created_at": "2020-12-16T10:40:41.000000Z",
                "updated_at": "2020-12-16T10:40:41.000000Z"
            }
        },
        {
            "id": 9,
            "conversation_id": 1,
            "user_id": 1,
            "body": "Exercitationem a accusantium earum accusamus iste ut. Doloremque cum facilis esse. Eveniet quia veniam sunt ut eius porro. Vero nam porro eius nesciunt ipsum nihil minus quis.",
            "align": "trailing",
            "created_at": "2020-12-16T10:40:41.000000Z",
            "updated_at": "2020-12-16T10:40:41.000000Z",
            "current_user_read_message": null,
            "user": {
                "id": 1,
                "created_at": "2020-12-16T10:40:41.000000Z",
                "updated_at": "2020-12-16T10:40:41.000000Z"
            }
        },
        {
            "id": 10,
            "conversation_id": 1,
            "user_id": 1,
            "body": "Dolorem pariatur et quia quod quis qui inventore. Et ut pariatur quia repudiandae tempora omnis. Itaque qui omnis voluptatem illo.",
            "align": "trailing",
            "created_at": "2020-12-16T10:40:41.000000Z",
            "updated_at": "2020-12-16T10:40:41.000000Z",
            "current_user_read_message": null,
            "user": {
                "id": 1,
                "created_at": "2020-12-16T10:40:41.000000Z",
                "updated_at": "2020-12-16T10:40:41.000000Z"
            }
        },
        {
            "id": 11,
            "conversation_id": 1,
            "user_id": 1,
            "body": "Facere enim aut alias aspernatur ab hic esse. Fuga ipsam ipsum adipisci sed. Rerum possimus recusandae qui ut ea. Ad labore quisquam consequatur alias. Nobis repellat et earum molestiae.",
            "align": "trailing",
            "created_at": "2020-12-16T10:40:41.000000Z",
            "updated_at": "2020-12-16T10:40:41.000000Z",
            "current_user_read_message": null,
            "user": {
                "id": 1,
                "created_at": "2020-12-16T10:40:41.000000Z",
                "updated_at": "2020-12-16T10:40:41.000000Z"
            }
        },
        {
            "id": 12,
            "conversation_id": 1,
            "user_id": 1,
            "body": "Sit hic porro ea voluptas est rerum ea. Vero exercitationem molestiae qui nesciunt. Officiis vero ex optio aperiam dolorum.",
            "align": "trailing",
            "created_at": "2020-12-16T10:40:41.000000Z",
            "updated_at": "2020-12-16T10:40:41.000000Z",
            "current_user_read_message": null,
            "user": {
                "id": 1,
                "created_at": "2020-12-16T10:40:41.000000Z",
                "updated_at": "2020-12-16T10:40:41.000000Z"
            }
        },
        {
            "id": 13,
            "conversation_id": 1,
            "user_id": 1,
            "body": "Eos et dolores voluptatibus eius est totam. Eligendi exercitationem veritatis libero dolor et neque aut est. Unde quis tempore soluta nostrum officia sit.",
            "align": "trailing",
            "created_at": "2020-12-16T10:40:41.000000Z",
            "updated_at": "2020-12-16T10:40:41.000000Z",
            "current_user_read_message": null,
            "user": {
                "id": 1,
                "created_at": "2020-12-16T10:40:41.000000Z",
                "updated_at": "2020-12-16T10:40:41.000000Z"
            }
        },
        {
            "id": 14,
            "conversation_id": 1,
            "user_id": 1,
            "body": "Eos ex quisquam rerum voluptas ut corporis. Doloremque ea totam modi natus corporis et. Autem occaecati et in qui. Sapiente laboriosam quidem fuga quod.",
            "align": "trailing",
            "created_at": "2020-12-16T10:40:41.000000Z",
            "updated_at": "2020-12-16T10:40:41.000000Z",
            "current_user_read_message": null,
            "user": {
                "id": 1,
                "created_at": "2020-12-16T10:40:41.000000Z",
                "updated_at": "2020-12-16T10:40:41.000000Z"
            }
        },
        {
            "id": 15,
            "conversation_id": 1,
            "user_id": 1,
            "body": "Nulla debitis sunt autem neque odio modi odit. Dolores harum earum suscipit. Error perspiciatis veniam nesciunt consequatur facilis saepe ipsum corporis. Voluptatibus doloremque vel sed.",
            "align": "trailing",
            "created_at": "2020-12-16T10:40:41.000000Z",
            "updated_at": "2020-12-16T10:40:41.000000Z",
            "current_user_read_message": null,
            "user": {
                "id": 1,
                "created_at": "2020-12-16T10:40:41.000000Z",
                "updated_at": "2020-12-16T10:40:41.000000Z"
            }
        }
    ],
    "first_page_url": "http:\/\/localhost\/conversations\/1\/messages?page=1",
    "from": 1,
    "last_page": 2,
    "last_page_url": "http:\/\/localhost\/conversations\/1\/messages?page=2",
    "links": [
        {
            "url": null,
            "label": "&laquo; Previous",
            "active": false
        },
        {
            "url": "http:\/\/localhost\/conversations\/1\/messages?page=1",
            "label": 1,
            "active": true
        },
        {
            "url": "http:\/\/localhost\/conversations\/1\/messages?page=2",
            "label": 2,
            "active": false
        },
        {
            "url": "http:\/\/localhost\/conversations\/1\/messages?page=2",
            "label": "Next &raquo;",
            "active": false
        }
    ],
    "next_page_url": "http:\/\/localhost\/conversations\/1\/messages?page=2",
    "path": "http:\/\/localhost\/conversations\/1\/messages",
    "per_page": 15,
    "prev_page_url": null,
    "to": 15,
    "total": 30
}
