{
    "current_page": 1,
    "data": [
        {
            "id": 1,
            "conversation_id": 1,
            "user_id": 1,
            "body": "Quibusdam alias facilis cupiditate ut et debitis. Debitis dicta fuga voluptatum rerum est. Consequatur cumque blanditiis quia deleniti.",
            "align": "leading",
            "created_at": "2020-12-16T10:40:41.000000Z",
            "updated_at": "2020-12-16T10:40:41.000000Z",
            "current_user_read_message": null,
            "user": {
                "id": 1,
                "created_at": "2020-12-16T10:40:41.000000Z",
                "updated_at": "2020-12-16T10:40:41.000000Z"
            }
        },
        {
            "id": 2,
            "conversation_id": 1,
            "user_id": 1,
            "body": "Quas numquam dolore eligendi ut sed autem. Nam ut ratione corporis sit.",
            "align": "leading",
            "created_at": "2020-12-16T10:40:41.000000Z",
            "updated_at": "2020-12-16T10:40:41.000000Z",
            "current_user_read_message": null,
            "user": {
                "id": 1,
                "created_at": "2020-12-16T10:40:41.000000Z",
                "updated_at": "2020-12-16T10:40:41.000000Z"
            }
        },
        {
            "id": 3,
            "conversation_id": 1,
            "user_id": 1,
            "body": "Corrupti commodi sapiente reprehenderit totam qui voluptate enim. Architecto suscipit enim facere aspernatur veniam maiores neque. Quia quo eos eos aut nam odit iste.",
            "align": "leading",
            "created_at": "2020-12-16T10:40:41.000000Z",
            "updated_at": "2020-12-16T10:40:41.000000Z",
            "current_user_read_message": null,
            "user": {
                "id": 1,
                "created_at": "2020-12-16T10:40:41.000000Z",
                "updated_at": "2020-12-16T10:40:41.000000Z"
            }
        },
        {
            "id": 4,
            "conversation_id": 1,
            "user_id": 1,
            "body": "Voluptatem et sed modi quis aut et quis. Inventore est qui doloremque necessitatibus.",
            "align": "leading",
            "created_at": "2020-12-16T10:40:41.000000Z",
            "updated_at": "2020-12-16T10:40:41.000000Z",
            "current_user_read_message": null,
            "user": {
                "id": 1,
                "created_at": "2020-12-16T10:40:41.000000Z",
                "updated_at": "2020-12-16T10:40:41.000000Z"
            }
        },
        {
            "id": 5,
            "conversation_id": 1,
            "user_id": 1,
            "body": "Incidunt qui dolor non. At magni asperiores at illum. Et culpa ut expedita nulla nemo laudantium odio dolore.",
            "align": "leading",
            "created_at": "2020-12-16T10:40:41.000000Z",
            "updated_at": "2020-12-16T10:40:41.000000Z",
            "current_user_read_message": null,
            "user": {
                "id": 1,
                "created_at": "2020-12-16T10:40:41.000000Z",
                "updated_at": "2020-12-16T10:40:41.000000Z"
            }
        },
        {
            "id": 6,
            "conversation_id": 1,
            "user_id": 1,
            "body": "Perferendis et quo molestias mollitia cupiditate exercitationem. Voluptas ut ipsum est enim soluta voluptatem. Nobis quidem nam atque nisi libero voluptate omnis. Sint facere quis et culpa.",
            "align": "leading",
            "created_at": "2020-12-16T10:40:41.000000Z",
            "updated_at": "2020-12-16T10:40:41.000000Z",
            "current_user_read_message": null,
            "user": {
                "id": 1,
                "created_at": "2020-12-16T10:40:41.000000Z",
                "updated_at": "2020-12-16T10:40:41.000000Z"
            }
        },
        {
            "id": 7,
            "conversation_id": 1,
            "user_id": 1,
            "body": "Dolores at praesentium ut optio. Cum accusamus nisi est voluptatem.",
            "align": "leading",
            "created_at": "2020-12-16T10:40:41.000000Z",
            "updated_at": "2020-12-16T10:40:41.000000Z",
            "current_user_read_message": null,
            "user": {
                "id": 1,
                "created_at": "2020-12-16T10:40:41.000000Z",
                "updated_at": "2020-12-16T10:40:41.000000Z"
            }
        },
        {
            "id": 8,
            "conversation_id": 1,
            "user_id": 1,
            "body": "Sequi facere a quas qui nemo quibusdam. Voluptates autem quod alias dolor quibusdam inventore. Explicabo harum rerum ratione.",
            "align": "leading",
            "created_at": "2020-12-16T10:40:41.000000Z",
            "updated_at": "2020-12-16T10:40:41.000000Z",
            "current_user_read_message": null,
            "user": {
                "id": 1,
                "created_at": "2020-12-16T10:40:41.000000Z",
                "updated_at": "2020-12-16T10:40:41.000000Z"
            }
        },
        {
            "id": 9,
            "conversation_id": 1,
            "user_id": 1,
            "body": "Aut tempore vel nam debitis. Et qui voluptates distinctio. Adipisci numquam fugit odio blanditiis consequatur voluptas.",
            "align": "leading",
            "created_at": "2020-12-16T10:40:41.000000Z",
            "updated_at": "2020-12-16T10:40:41.000000Z",
            "current_user_read_message": null,
            "user": {
                "id": 1,
                "created_at": "2020-12-16T10:40:41.000000Z",
                "updated_at": "2020-12-16T10:40:41.000000Z"
            }
        },
        {
            "id": 10,
            "conversation_id": 1,
            "user_id": 1,
            "body": "Officiis ducimus veniam eum. Aperiam quis aut veniam optio voluptatem voluptatum. Magni quo repudiandae nostrum sunt repellat. Atque inventore accusamus similique.",
            "align": "leading",
            "created_at": "2020-12-16T10:40:41.000000Z",
            "updated_at": "2020-12-16T10:40:41.000000Z",
            "current_user_read_message": null,
            "user": {
                "id": 1,
                "created_at": "2020-12-16T10:40:41.000000Z",
                "updated_at": "2020-12-16T10:40:41.000000Z"
            }
        },
        {
            "id": 11,
            "conversation_id": 1,
            "user_id": 1,
            "body": "Aliquam eos quae id rerum. Qui perspiciatis esse animi error labore ut et similique. Ipsam ex quo architecto ipsam aut dolorum voluptatem. Id iure et consequatur voluptatum est aut.",
            "align": "leading",
            "created_at": "2020-12-16T10:40:41.000000Z",
            "updated_at": "2020-12-16T10:40:41.000000Z",
            "current_user_read_message": null,
            "user": {
                "id": 1,
                "created_at": "2020-12-16T10:40:41.000000Z",
                "updated_at": "2020-12-16T10:40:41.000000Z"
            }
        },
        {
            "id": 12,
            "conversation_id": 1,
            "user_id": 1,
            "body": "Quod porro voluptatum voluptates porro quia et architecto. Totam itaque fugiat nostrum officia eligendi laboriosam repellendus est. Voluptate officia qui provident impedit accusamus dolores.",
            "align": "leading",
            "created_at": "2020-12-16T10:40:41.000000Z",
            "updated_at": "2020-12-16T10:40:41.000000Z",
            "current_user_read_message": null,
            "user": {
                "id": 1,
                "created_at": "2020-12-16T10:40:41.000000Z",
                "updated_at": "2020-12-16T10:40:41.000000Z"
            }
        },
        {
            "id": 13,
            "conversation_id": 1,
            "user_id": 1,
            "body": "Autem vel aut vero occaecati unde rem numquam. Eveniet quam ex nostrum ipsum.",
            "align": "leading",
            "created_at": "2020-12-16T10:40:41.000000Z",
            "updated_at": "2020-12-16T10:40:41.000000Z",
            "current_user_read_message": null,
            "user": {
                "id": 1,
                "created_at": "2020-12-16T10:40:41.000000Z",
                "updated_at": "2020-12-16T10:40:41.000000Z"
            }
        },
        {
            "id": 14,
            "conversation_id": 1,
            "user_id": 1,
            "body": "Tempore minima est minima numquam quos aut consequatur. Consequatur et sed tenetur. Esse qui qui doloribus repellendus velit. Veritatis quas et vitae commodi.",
            "align": "leading",
            "created_at": "2020-12-16T10:40:41.000000Z",
            "updated_at": "2020-12-16T10:40:41.000000Z",
            "current_user_read_message": null,
            "user": {
                "id": 1,
                "created_at": "2020-12-16T10:40:41.000000Z",
                "updated_at": "2020-12-16T10:40:41.000000Z"
            }
        },
        {
            "id": 15,
            "conversation_id": 1,
            "user_id": 1,
            "body": "Nihil officiis aut numquam ipsam. Ipsum molestias eum dolorem nostrum porro. Soluta voluptas eveniet tenetur molestiae. Repudiandae iusto et dolor iste eum velit tenetur.",
            "align": "leading",
            "created_at": "2020-12-16T10:40:41.000000Z",
            "updated_at": "2020-12-16T10:40:41.000000Z",
            "current_user_read_message": null,
            "user": {
                "id": 1,
                "created_at": "2020-12-16T10:40:41.000000Z",
                "updated_at": "2020-12-16T10:40:41.000000Z"
            }
        }
    ],
    "first_page_url": "http:\/\/localhost\/conversations\/1\/messages?page=1",
    "from": 1,
    "last_page": 2,
    "last_page_url": "http:\/\/localhost\/conversations\/1\/messages?page=2",
    "links": [
        {
            "url": null,
            "label": "&laquo; Previous",
            "active": false
        },
        {
            "url": "http:\/\/localhost\/conversations\/1\/messages?page=1",
            "label": 1,
            "active": true
        },
        {
            "url": "http:\/\/localhost\/conversations\/1\/messages?page=2",
            "label": 2,
            "active": false
        },
        {
            "url": "http:\/\/localhost\/conversations\/1\/messages?page=2",
            "label": "Next &raquo;",
            "active": false
        }
    ],
    "next_page_url": "http:\/\/localhost\/conversations\/1\/messages?page=2",
    "path": "http:\/\/localhost\/conversations\/1\/messages",
    "per_page": 15,
    "prev_page_url": null,
    "to": 15,
    "total": 30
}
